// Jest Snapshot v1, https://goo.gl/fbAQLP

exports[`ContentFiles Add's new contributor 1`] = `
"# TestContentFIles

[![All Contributors](https://img.shields.io/badge/all_contributors-2-orange.svg?style=flat-square)](#contributors-)

A test for content files generation

### Content
1. Stuff here
2. Yeah boy


## Contributors

Thanks goes to these wonderful people ([emoji key](https://github.com/all-contributors/all-contributors#emoji-key)):

<!-- ALL-CONTRIBUTORS-LIST:START - Do not remove or modify this section -->
<!-- prettier-ignore-start -->
<!-- markdownlint-disable -->
<table>
  <tr>
    <td align=\\"center\\"><a href=\\"https://jakebolam.com\\"><img src=\\"https://avatars2.githubusercontent.com/u/3534236?v=4\\" width=\\"100px;\\" alt=\\"Jake Bolam\\"/><br /><sub><b>Jake Bolam</b></sub></a><br /><a href=\\"#code-jakebolam\\" title=\\"Code\\">üíª</a> <a href=\\"#ideas-jakebolam\\" title=\\"Ideas, Planning, & Feedback\\">ü§î</a> <a href=\\"#infra-jakebolam\\" title=\\"Infrastructure (Hosting, Build-Tools, etc)\\">üöá</a> <a href=\\"#test-jakebolam\\" title=\\"Tests\\">‚ö†Ô∏è</a></td>
    <td align=\\"center\\"><a href=\\"https://github.com/tbenning\\"><img src=\\"https://avatars2.githubusercontent.com/u/7265547?v=4\\" width=\\"100px;\\" alt=\\"tbenning\\"/><br /><sub><b>tbenning</b></sub></a><br /><a href=\\"#design-tbenning\\" title=\\"Design\\">üé®</a></td>
  </tr>
</table>

<!-- markdownlint-enable -->
<!-- prettier-ignore-end -->
<!-- ALL-CONTRIBUTORS-LIST:END -->

This project follows the [all-contributors](https://github.com/all-contributors/all-contributors) specification. Contributions of any kind welcome

## LICENSE

[MIT](LICENSE)
"
`;

exports[`ContentFiles Init content 1`] = `
"# TestContentFIles
[![All Contributors](https://img.shields.io/badge/all_contributors-0-orange.svg?style=flat-square)](#contributors-)

A test for content files generation

### Content
1. Stuff here
2. Yeah boy

## LICENSE

[MIT](LICENSE)

## Contributors ‚ú®

Thanks goes to these wonderful people ([emoji key](https://allcontributors.org/docs/en/emoji-key)):

<!-- ALL-CONTRIBUTORS-LIST:START - Do not remove or modify this section -->
<!-- prettier-ignore-start -->
<!-- markdownlint-disable -->
<!-- markdownlint-enable -->
<!-- prettier-ignore-end -->
<!-- ALL-CONTRIBUTORS-LIST:END -->

This project follows the [all-contributors](https://github.com/all-contributors/all-contributors) specification. Contributions of any kind welcome!"
`;

exports[`ContentFiles Init content 2`] = `
"# TestContentFIles
[![All Contributors](https://img.shields.io/badge/all_contributors-2-orange.svg?style=flat-square)](#contributors-)

A test for content files generation

### Content
1. Stuff here
2. Yeah boy

## LICENSE

[MIT](LICENSE)

## Contributors ‚ú®

Thanks goes to these wonderful people ([emoji key](https://allcontributors.org/docs/en/emoji-key)):

<!-- ALL-CONTRIBUTORS-LIST:START - Do not remove or modify this section -->
<!-- prettier-ignore-start -->
<!-- markdownlint-disable -->
<table>
  <tr>
    <td align=\\"center\\"><a href=\\"https://jakebolam.com\\"><img src=\\"https://avatars2.githubusercontent.com/u/3534236?v=4\\" width=\\"100px;\\" alt=\\"Jake Bolam\\"/><br /><sub><b>Jake Bolam</b></sub></a><br /><a href=\\"#code-jakebolam\\" title=\\"Code\\">üíª</a> <a href=\\"#ideas-jakebolam\\" title=\\"Ideas, Planning, & Feedback\\">ü§î</a> <a href=\\"#infra-jakebolam\\" title=\\"Infrastructure (Hosting, Build-Tools, etc)\\">üöá</a> <a href=\\"#test-jakebolam\\" title=\\"Tests\\">‚ö†Ô∏è</a></td>
    <td align=\\"center\\"><a href=\\"https://github.com/tbenning\\"><img src=\\"https://avatars2.githubusercontent.com/u/7265547?v=4\\" width=\\"100px;\\" alt=\\"tbenning\\"/><br /><sub><b>tbenning</b></sub></a><br /><a href=\\"#design-tbenning\\" title=\\"Design\\">üé®</a></td>
  </tr>
</table>

<!-- markdownlint-enable -->
<!-- prettier-ignore-end -->
<!-- ALL-CONTRIBUTORS-LIST:END -->

This project follows the [all-contributors](https://github.com/all-contributors/all-contributors) specification. Contributions of any kind welcome!"
`;
