// Jest Snapshot v1, https://goo.gl/fbAQLP

exports[`Get User Details gets user details when user exists 1`] = `
Object {
  "avatar_url": "https://avatars2.githubusercontent.com/u/3534236?v=4",
  "name": "Jake Bolam",
  "profile": "https://jakebolam.com",
}
`;

exports[`Get User Details throws error when user does not exists 1`] = `"Could not find the user \`no-such-user\` on github."`;
